module T8 where

-- >>> noFunctionWithThisName
-- Variable not in scope: noFunctionWithThisName
